[2026-04-29 11:38:45 +0200] [3594] [INFO] Starting gunicorn 25.3.0
[2026-04-29 11:38:45 +0200] [3594] [INFO] Listening at: http://127.0.0.1:5000 (3594)
[2026-04-29 11:38:45 +0200] [3594] [INFO] Using worker: sync
[2026-04-29 11:38:45 +0200] [3596] [INFO] Booting worker with pid: 3596
[2026-04-29 11:38:46 +0200] [3597] [INFO] Booting worker with pid: 3597
[2026-04-29 11:38:46 +0200] [3594] [INFO] Control socket listening at /home/customer/.gunicorn/gunicorn.ctl
[2026-04-29 11:38:46 +0200] [3596] [ERROR] Exception in worker process
Traceback (most recent call last):
  File "/home/customer/Documents/RATE/venv/lib/python3.13/site-packages/gunicorn/arbiter.py", line 713, in spawn_worker
    worker.init_process()
    ~~~~~~~~~~~~~~~~~~~^^
  File "/home/customer/Documents/RATE/venv/lib/python3.13/site-packages/gunicorn/workers/base.py", line 136, in init_process
    self.load_wsgi()
    ~~~~~~~~~~~~~~^^
  File "/home/customer/Documents/RATE/venv/lib/python3.13/site-packages/gunicorn/workers/base.py", line 148, in load_wsgi
    self.wsgi = self.app.wsgi()
                ~~~~~~~~~~~~~^^
  File "/home/customer/Documents/RATE/venv/lib/python3.13/site-packages/gunicorn/app/base.py", line 66, in wsgi
    self.callable = self.load()
                    ~~~~~~~~~^^
  File "/home/customer/Documents/RATE/venv/lib/python3.13/site-packages/gunicorn/app/wsgiapp.py", line 57, in load
    return self.load_wsgiapp()
           ~~~~~~~~~~~~~~~~~^^
  File "/home/customer/Documents/RATE/venv/lib/python3.13/site-packages/gunicorn/app/wsgiapp.py", line 47, in load_wsgiapp
    return util.import_app(self.app_uri)
           ~~~~~~~~~~~~~~~^^^^^^^^^^^^^^
  File "/home/customer/Documents/RATE/venv/lib/python3.13/site-packages/gunicorn/util.py", line 377, in import_app
    mod = importlib.import_module(module)
  File "/usr/lib/python3.13/importlib/__init__.py", line 88, in import_module
    return _bootstrap._gcd_import(name[level:], package, level)
           ~~~~~~~~~~~~~~~~~~~~~~^^^^^^^^^^^^^^^^^^^^^^^^^^^^^^
  File "<frozen importlib._bootstrap>", line 1387, in _gcd_import
  File "<frozen importlib._bootstrap>", line 1360, in _find_and_load
  File "<frozen importlib._bootstrap>", line 1331, in _find_and_load_unlocked
  File "<frozen importlib._bootstrap>", line 935, in _load_unlocked
  File "<frozen importlib._bootstrap_external>", line 1026, in exec_module
  File "<frozen importlib._bootstrap>", line 488, in _call_with_frames_removed
  File "/home/customer/Documents/RATE/server.py", line 32, in <module>
    init_db()
    ~~~~~~~^^
  File "/home/customer/Documents/RATE/app/database.py", line 30, in init_db
    conn.execute("PRAGMA journal_mode=WAL")
    ~~~~~~~~~~~~^^^^^^^^^^^^^^^^^^^^^^^^^^^
sqlite3.OperationalError: database is locked
[2026-04-29 11:38:46 +0200] [3596] [INFO] Worker exiting (pid: 3596)
[2026-04-29 11:38:46 +0200] [3594] [ERROR] Worker (pid:3596) exited with code 3.
[2026-04-29 11:38:46 +0200] [3597] [INFO] Worker exiting (pid: 3597)
[2026-04-29 11:38:47 +0200] [3594] [ERROR] Shutting down: Master
[2026-04-29 11:38:47 +0200] [3594] [ERROR] Reason: Worker failed to boot.
[2026-04-29 11:38:52 +0200] [3607] [INFO] Starting gunicorn 25.3.0
[2026-04-29 11:38:52 +0200] [3607] [INFO] Listening at: http://127.0.0.1:5000 (3607)
[2026-04-29 11:38:52 +0200] [3607] [INFO] Using worker: sync
[2026-04-29 11:38:52 +0200] [3608] [INFO] Booting worker with pid: 3608
[2026-04-29 11:38:52 +0200] [3609] [INFO] Booting worker with pid: 3609
[2026-04-29 11:38:52 +0200] [3607] [INFO] Control socket listening at /home/customer/.gunicorn/gunicorn.ctl
